###############################################################################
#
# IAR ELF Linker V8.40.1.212/W32 for ARM                  10/Sep/2020  19:25:30
# Copyright 2007-2019 IAR Systems AB.
#
#    Output file  =  D:\fwprog\stm32f302ve\EWARM\cubemx\Exe\cubemx.out
#    Map file     =  D:\fwprog\stm32f302ve\EWARM\cubemx\List\cubemx.map
#    Command line =
#        -f C:\Users\GURUDE~1.KUK\AppData\Local\Temp\EW53F4.tmp
#        (D:\fwprog\stm32f302ve\EWARM\cubemx\Obj\adc.o
#        D:\fwprog\stm32f302ve\EWARM\cubemx\Obj\dma.o
#        D:\fwprog\stm32f302ve\EWARM\cubemx\Obj\gpio.o
#        D:\fwprog\stm32f302ve\EWARM\cubemx\Obj\main.o
#        D:\fwprog\stm32f302ve\EWARM\cubemx\Obj\startup_stm32f302xe.o
#        D:\fwprog\stm32f302ve\EWARM\cubemx\Obj\stm32f3xx_hal.o
#        D:\fwprog\stm32f302ve\EWARM\cubemx\Obj\stm32f3xx_hal_adc.o
#        D:\fwprog\stm32f302ve\EWARM\cubemx\Obj\stm32f3xx_hal_adc_ex.o
#        D:\fwprog\stm32f302ve\EWARM\cubemx\Obj\stm32f3xx_hal_cortex.o
#        D:\fwprog\stm32f302ve\EWARM\cubemx\Obj\stm32f3xx_hal_dma.o
#        D:\fwprog\stm32f302ve\EWARM\cubemx\Obj\stm32f3xx_hal_exti.o
#        D:\fwprog\stm32f302ve\EWARM\cubemx\Obj\stm32f3xx_hal_flash.o
#        D:\fwprog\stm32f302ve\EWARM\cubemx\Obj\stm32f3xx_hal_flash_ex.o
#        D:\fwprog\stm32f302ve\EWARM\cubemx\Obj\stm32f3xx_hal_gpio.o
#        D:\fwprog\stm32f302ve\EWARM\cubemx\Obj\stm32f3xx_hal_i2c.o
#        D:\fwprog\stm32f302ve\EWARM\cubemx\Obj\stm32f3xx_hal_i2c_ex.o
#        D:\fwprog\stm32f302ve\EWARM\cubemx\Obj\stm32f3xx_hal_msp.o
#        D:\fwprog\stm32f302ve\EWARM\cubemx\Obj\stm32f3xx_hal_pcd.o
#        D:\fwprog\stm32f302ve\EWARM\cubemx\Obj\stm32f3xx_hal_pcd_ex.o
#        D:\fwprog\stm32f302ve\EWARM\cubemx\Obj\stm32f3xx_hal_pwr.o
#        D:\fwprog\stm32f302ve\EWARM\cubemx\Obj\stm32f3xx_hal_pwr_ex.o
#        D:\fwprog\stm32f302ve\EWARM\cubemx\Obj\stm32f3xx_hal_rcc.o
#        D:\fwprog\stm32f302ve\EWARM\cubemx\Obj\stm32f3xx_hal_rcc_ex.o
#        D:\fwprog\stm32f302ve\EWARM\cubemx\Obj\stm32f3xx_hal_tim.o
#        D:\fwprog\stm32f302ve\EWARM\cubemx\Obj\stm32f3xx_hal_tim_ex.o
#        D:\fwprog\stm32f302ve\EWARM\cubemx\Obj\stm32f3xx_hal_uart.o
#        D:\fwprog\stm32f302ve\EWARM\cubemx\Obj\stm32f3xx_hal_uart_ex.o
#        D:\fwprog\stm32f302ve\EWARM\cubemx\Obj\stm32f3xx_it.o
#        D:\fwprog\stm32f302ve\EWARM\cubemx\Obj\stm32f3xx_ll_usb.o
#        D:\fwprog\stm32f302ve\EWARM\cubemx\Obj\sys_gpio.o
#        D:\fwprog\stm32f302ve\EWARM\cubemx\Obj\sys_timerutil.o
#        D:\fwprog\stm32f302ve\EWARM\cubemx\Obj\sys_ultra.o
#        D:\fwprog\stm32f302ve\EWARM\cubemx\Obj\system_stm32f3xx.o
#        D:\fwprog\stm32f302ve\EWARM\cubemx\Obj\tim.o
#        D:\fwprog\stm32f302ve\EWARM\cubemx\Obj\usart.o
#        D:\fwprog\stm32f302ve\EWARM\cubemx\Obj\usb.o --redirect
#        _Printf=_PrintfFull --redirect _Scanf=_ScanfFull --no_out_extension -o
#        D:\fwprog\stm32f302ve\EWARM\cubemx\Exe\cubemx.out --map
#        D:\fwprog\stm32f302ve\EWARM\cubemx\List\cubemx.map --config
#        D:\fwprog\stm32f302ve\EWARM/stm32f302xe_flash.icf --semihosting
#        --entry __iar_program_start --vfe --text_out locale)
#
###############################################################################

*******************************************************************************
*** RUNTIME MODEL ATTRIBUTES
***

CppFlavor       = *
__SystemLibrary = DLib
__dlib_version  = 6


*******************************************************************************
*** HEAP SELECTION
***

The basic heap was selected because no calls to memory allocation
functions were found in the application outside of system library
functions, and there are calls to deallocation functions in the
application.


*******************************************************************************
*** PLACEMENT SUMMARY
***

"A0":  place at address 0x800'0000 { ro section .intvec };
"P1":  place in [from 0x800'0000 to 0x807'ffff] { ro };
define block CSTACK with size = 1K, alignment = 8 { };
define block HEAP with size = 2K, alignment = 8 { };
"P2":  place in [from 0x2000'0000 to 0x2000'ffff] {
          rw, block CSTACK, block HEAP };
initialize by copy { rw };

  Section            Kind         Address    Size  Object
  -------            ----         -------    ----  ------
"A0":                                       0x194
  .intvec            ro code   0x800'0000   0x194  startup_stm32f302xe.o [1]
                             - 0x800'0194   0x194

"P1":                                      0x4f11
  .text              ro code   0x800'0194  0x10c6  xprintffull.o [2]
  .text              ro code   0x800'125a    0x3a  zero_init3.o [4]
  .text              ro code   0x800'1294    0x7c  xlocale_c.o [2]
  .text              ro code   0x800'1310    0x16  strchr.o [4]
  .text              ro code   0x800'1326    0x1e  xencoding_8859_1.o [2]
  .text              ro code   0x800'1344    0x40  xfail_s.o [2]
  .text              ro code   0x800'1384    0x36  strlen.o [4]
  .rodata            const     0x800'13ba     0x2  xlocale_c.o [2]
  .text              ro code   0x800'13bc    0x58  memchr.o [4]
  .text              ro code   0x800'1414    0x18  ABImemcpy_small.o [4]
  .text              ro code   0x800'142c    0x70  frexp.o [3]
  .text              ro code   0x800'149c    0x2e  DblCmpLe.o [3]
  .rodata            const     0x800'14ca     0x2  xlocale_c.o [2]
  .text              ro code   0x800'14cc    0x2e  DblCmpGe.o [3]
  .rodata            const     0x800'14fa     0x1  xlocale_c.o [2]
  .text              ro code   0x800'14fc   0x13a  ldexp.o [3]
  .text              ro code   0x800'1638    0x3a  DblToS32.o [3]
  .text              ro code   0x800'1674    0x22  S32ToDbl.o [3]
  .text              ro code   0x800'1698    0xe2  DblSub.o [3]
  .text              ro code   0x800'177c   0x246  DblDiv.o [3]
  .text              ro code   0x800'19c4    0x28  DblToU32.o [3]
  .text              ro code   0x800'19ec    0x1a  U32ToDbl.o [3]
  .text              ro code   0x800'1a08   0x1a2  DblMul.o [3]
  .text              ro code   0x800'1baa     0xa  xmbcurmax.o [2]
  .text              ro code   0x800'1bb4   0x230  I64DivMod.o [4]
  .text              ro code   0x800'1de4     0x6  abort.o [2]
  .text              ro code   0x800'1dec   0x16a  DblAdd.o [3]
  .text              ro code   0x800'1f58     0x2  I64DivZer.o [4]
  .text              ro code   0x800'1f5c    0x14  exit.o [5]
  .text              ro code   0x800'1f70   0x7a8  stm32f3xx_hal_tim.o [1]
  .text              ro code   0x800'2718   0x3b0  tim.o [1]
  .text              ro code   0x800'2ac8     0x2  stm32f3xx_hal_tim.o [1]
  .text              ro code   0x800'2aca     0x2  stm32f3xx_hal_tim.o [1]
  .text              ro code   0x800'2acc     0x2  stm32f3xx_hal_tim.o [1]
  .text              ro code   0x800'2ace     0x2  stm32f3xx_hal_tim_ex.o [1]
  .text              ro code   0x800'2ad0     0x2  stm32f3xx_hal_tim_ex.o [1]
  .text              ro code   0x800'2ad2     0x2  stm32f3xx_hal_tim.o [1]
  .text              ro code   0x800'2ad4     0x2  stm32f3xx_hal_tim_ex.o [1]
  .text              ro code   0x800'2ad6     0x2  stm32f3xx_hal_tim.o [1]
  .text              ro code   0x800'2ad8   0x106  main.o [1]
  .text              ro code   0x800'2bde    0x14  memset.o [4]
  .text              ro code   0x800'2bf4    0xf8  stm32f3xx_hal_tim_ex.o [1]
  .text              ro code   0x800'2cec    0xe8  stm32f3xx_hal_cortex.o [1]
  .text              ro code   0x800'2dd4   0x1f4  stm32f3xx_hal_gpio.o [1]
  .text              ro code   0x800'2fc8    0x28  sys_timerutil.o [1]
  .text              ro code   0x800'2ff0   0x624  stm32f3xx_hal_uart.o [1]
  .text              ro code   0x800'3614    0x20  stm32f3xx_hal.o [1]
  .text              ro code   0x800'3634   0x13c  gpio.o [1]
  .text              ro code   0x800'3770    0x30  dma.o [1]
  .text              ro code   0x800'37a0    0xe4  adc.o [1]
  .text              ro code   0x800'3884   0x2bc  usart.o [1]
  .text              ro code   0x800'3b40    0x58  usb.o [1]
  .text              ro code   0x800'3b98    0x40  stm32f3xx_hal.o [1]
  .text              ro code   0x800'3bd8   0x4c0  stm32f3xx_hal_rcc.o [1]
  .text              ro code   0x800'4098   0x1fc  stm32f3xx_hal_rcc_ex.o [1]
  .text              ro code   0x800'4294    0x66  ABImemset.o [4]
  .text              ro code   0x800'42fc    0x88  sys_ultra.o [1]
  .text              ro code   0x800'4384     0xc  stm32f3xx_hal.o [1]
  .text              ro code   0x800'4390   0x1d8  stm32f3xx_hal_dma.o [1]
  .text              ro code   0x800'4568     0x2  stm32f3xx_hal_uart.o [1]
  .text              ro code   0x800'456a     0x2  stm32f3xx_hal_uart.o [1]
  .text              ro code   0x800'456c    0x30  stm32f3xx_hal_msp.o [1]
  .text              ro code   0x800'459c   0x674  stm32f3xx_hal_adc_ex.o [1]
  .text              ro code   0x800'4c10    0x28  printf.o [2]
  .text              ro code   0x800'4c38    0x9c  stm32f3xx_hal_pcd.o [1]
  .text              ro code   0x800'4cd4    0x2e  stm32f3xx_ll_usb.o [1]
  .text              ro code   0x800'4d02    0x78  lz77_init_single.o [4]
  .text              ro code   0x800'4d7c    0x64  sys_gpio.o [1]
  .text              ro code   0x800'4de0    0x5e  stm32f3xx_it.o [1]
  .text              ro code   0x800'4e40    0x10  stm32f3xx_hal.o [1]
  .text              ro code   0x800'4e50    0x2c  system_stm32f3xx.o [1]
  .text              ro code   0x800'4e7c    0x28  data_init.o [4]
  .text              ro code   0x800'4ea4    0x22  fpinit_M.o [3]
  .iar.init_table    const     0x800'4ec8    0x20  - Linker created -
  .text              ro code   0x800'4ee8    0x1e  cmain.o [4]
  .text              ro code   0x800'4f06     0x4  low_level_init.o [2]
  .text              ro code   0x800'4f0a     0x4  exit.o [2]
  .text              ro code   0x800'4f10     0xa  cexit.o [4]
  .text              ro code   0x800'4f1a    0x16  xprout.o [2]
  .text              ro code   0x800'4f30     0xc  putchar.o [2]
  .text              ro code   0x800'4f3c    0x10  startup_stm32f302xe.o [1]
  .text              ro code   0x800'4f4c     0xc  cstartup_M.o [4]
  .rodata            const     0x800'4f58     0x8  system_stm32f3xx.o [1]
  .text              ro code   0x800'4f60     0x4  startup_stm32f302xe.o [1]
  .text              ro code   0x800'4f64     0x4  startup_stm32f302xe.o [1]
  .text              ro code   0x800'4f68     0x4  startup_stm32f302xe.o [1]
  .text              ro code   0x800'4f6c     0x4  startup_stm32f302xe.o [1]
  .text              ro code   0x800'4f70     0x4  startup_stm32f302xe.o [1]
  .text              ro code   0x800'4f74     0x4  startup_stm32f302xe.o [1]
  .text              ro code   0x800'4f78     0x4  startup_stm32f302xe.o [1]
  .text              ro code   0x800'4f7c     0x4  startup_stm32f302xe.o [1]
  .text              ro code   0x800'4f80     0x4  startup_stm32f302xe.o [1]
  .text              ro code   0x800'4f84     0x4  startup_stm32f302xe.o [1]
  .text              ro code   0x800'4f88     0x4  startup_stm32f302xe.o [1]
  .text              ro code   0x800'4f8c     0x4  startup_stm32f302xe.o [1]
  .text              ro code   0x800'4f90     0x4  startup_stm32f302xe.o [1]
  .text              ro code   0x800'4f94     0x4  startup_stm32f302xe.o [1]
  .text              ro code   0x800'4f98     0x4  startup_stm32f302xe.o [1]
  .text              ro code   0x800'4f9c     0x4  startup_stm32f302xe.o [1]
  .text              ro code   0x800'4fa0     0x4  startup_stm32f302xe.o [1]
  .text              ro code   0x800'4fa4     0x4  startup_stm32f302xe.o [1]
  .text              ro code   0x800'4fa8     0x4  startup_stm32f302xe.o [1]
  .text              ro code   0x800'4fac     0x4  startup_stm32f302xe.o [1]
  .text              ro code   0x800'4fb0     0x4  startup_stm32f302xe.o [1]
  .text              ro code   0x800'4fb4     0x4  startup_stm32f302xe.o [1]
  .text              ro code   0x800'4fb8     0x4  startup_stm32f302xe.o [1]
  .text              ro code   0x800'4fbc     0x4  startup_stm32f302xe.o [1]
  .text              ro code   0x800'4fc0     0x4  startup_stm32f302xe.o [1]
  .text              ro code   0x800'4fc4     0x4  startup_stm32f302xe.o [1]
  .text              ro code   0x800'4fc8     0x4  startup_stm32f302xe.o [1]
  .text              ro code   0x800'4fcc     0x4  startup_stm32f302xe.o [1]
  .text              ro code   0x800'4fd0     0x4  startup_stm32f302xe.o [1]
  .text              ro code   0x800'4fd4     0x4  startup_stm32f302xe.o [1]
  .text              ro code   0x800'4fd8     0x4  startup_stm32f302xe.o [1]
  .text              ro code   0x800'4fdc     0x4  startup_stm32f302xe.o [1]
  .text              ro code   0x800'4fe0     0x4  startup_stm32f302xe.o [1]
  .text              ro code   0x800'4fe4     0x4  startup_stm32f302xe.o [1]
  .text              ro code   0x800'4fe8     0x4  startup_stm32f302xe.o [1]
  .text              ro code   0x800'4fec     0x4  startup_stm32f302xe.o [1]
  .text              ro code   0x800'4ff0     0x4  startup_stm32f302xe.o [1]
  .text              ro code   0x800'4ff4     0x4  startup_stm32f302xe.o [1]
  .text              ro code   0x800'4ff8     0x4  startup_stm32f302xe.o [1]
  .text              ro code   0x800'4ffc     0x4  startup_stm32f302xe.o [1]
  .text              ro code   0x800'5000     0x4  startup_stm32f302xe.o [1]
  .text              ro code   0x800'5004     0x4  startup_stm32f302xe.o [1]
  .text              ro code   0x800'5008     0x4  startup_stm32f302xe.o [1]
  .text              ro code   0x800'500c     0x4  startup_stm32f302xe.o [1]
  .text              ro code   0x800'5010     0x4  startup_stm32f302xe.o [1]
  .text              ro code   0x800'5014     0x4  startup_stm32f302xe.o [1]
  .text              ro code   0x800'5018     0x4  startup_stm32f302xe.o [1]
  .text              ro code   0x800'501c     0x4  startup_stm32f302xe.o [1]
  .text              ro code   0x800'5020     0x4  startup_stm32f302xe.o [1]
  .text              ro code   0x800'5024     0x4  startup_stm32f302xe.o [1]
  .text              ro code   0x800'5028     0x4  startup_stm32f302xe.o [1]
  .text              ro code   0x800'502c     0x4  startup_stm32f302xe.o [1]
  .text              ro code   0x800'5030     0x4  startup_stm32f302xe.o [1]
  .text              ro code   0x800'5034     0x4  startup_stm32f302xe.o [1]
  .text              ro code   0x800'5038     0x4  startup_stm32f302xe.o [1]
  .text              ro code   0x800'503c     0x4  startup_stm32f302xe.o [1]
  .text              ro code   0x800'5040     0x4  startup_stm32f302xe.o [1]
  .text              ro code   0x800'5044     0x4  startup_stm32f302xe.o [1]
  .text              ro code   0x800'5048     0x4  startup_stm32f302xe.o [1]
  .text              ro code   0x800'504c     0x4  startup_stm32f302xe.o [1]
  .text              ro code   0x800'5050     0x4  startup_stm32f302xe.o [1]
  .text              ro code   0x800'5054     0x4  startup_stm32f302xe.o [1]
  .rodata            const     0x800'5058     0x0  zero_init3.o [4]
  .rodata            const     0x800'5058     0x0  lz77_init_single.o [4]
  Initializer bytes  const     0x800'5058    0x4d  <for P2-1>
                             - 0x800'50a5  0x4f11

"P2", part 1 of 3:                           0xd8
  P2-1                        0x2000'0000    0xd8  <Init block>
    .data            inited   0x2000'0000     0xc  stm32f3xx_hal.o [1]
    .data            inited   0x2000'000c     0x4  system_stm32f3xx.o [1]
    .data            inited   0x2000'0010    0x38  xlocale_c.o [2]
    .data            inited   0x2000'0048    0x48  xlocale_c.o [2]
    .data            inited   0x2000'0090    0x48  xfiles.o [2]
                            - 0x2000'00d8    0xd8

"P2", part 2 of 3:                          0x7cc
  .bss               zero     0x2000'00d8   0x2ec  usb.o [1]
  .bss               zero     0x2000'03c4    0x80  usart.o [1]
  .bss               zero     0x2000'0444    0x80  usart.o [1]
  .bss               zero     0x2000'04c4    0x80  usart.o [1]
  .bss               zero     0x2000'0544    0x80  usart.o [1]
  .bss               zero     0x2000'05c4    0x50  adc.o [1]
  .bss               zero     0x2000'0614    0x50  xfiles.o [2]
  .bss               zero     0x2000'0664    0x44  usart.o [1]
  .bss               zero     0x2000'06a8    0x40  tim.o [1]
  .bss               zero     0x2000'06e8    0x40  tim.o [1]
  .bss               zero     0x2000'0728    0x40  tim.o [1]
  .bss               zero     0x2000'0768    0x40  tim.o [1]
  .bss               zero     0x2000'07a8    0x40  tim.o [1]
  .bss               zero     0x2000'07e8    0x40  tim.o [1]
  .bss               zero     0x2000'0828    0x34  usart.o [1]
  .bss               zero     0x2000'085c    0x2c  sys_gpio.o [1]
  .bss               zero     0x2000'0888     0xc  usart.o [1]
  .bss               zero     0x2000'0894     0x8  sys_timerutil.o [1]
  .bss               zero     0x2000'089c     0x4  xfail_s.o [2]
  .bss               zero     0x2000'08a0     0x1  sys_ultra.o [1]
                            - 0x2000'08a1   0x7c9

"P2", part 3 of 3:                          0x400
  CSTACK                      0x2000'08a8   0x400  <Block>
    CSTACK           uninit   0x2000'08a8   0x400  <Block tail>
                            - 0x2000'0ca8   0x400

Unused ranges:

         From           To      Size
         ----           --      ----
   0x800'50a5   0x807'ffff  0x7'af5b
  0x2000'08a4  0x2000'08a7       0x4
  0x2000'0ca8  0x2000'ffff    0xf358


*******************************************************************************
*** INIT TABLE
***

          Address      Size
          -------      ----
Zero (__iar_zero_init3)
    1 destination range, total size 0x7c9:
          0x2000'00d8  0x7c9

Copy/lz77 (__iar_lz77_init_single3)
    1 source range, total size 0x4d (35% of destination):
           0x800'5058   0x4d
    1 destination range, total size 0xd8:
          0x2000'0000   0xd8



*******************************************************************************
*** MODULE SUMMARY
***

    Module                  ro code  ro data  rw data
    ------                  -------  -------  -------
command line/config:
    -------------------------------------------------
    Total:

D:\fwprog\stm32f302ve\EWARM\cubemx\Obj: [1]
    adc.o                       228                80
    dma.o                        48
    gpio.o                      316
    main.o                      262
    startup_stm32f302xe.o       668
    stm32f3xx_hal.o             124        4       12
    stm32f3xx_hal_adc_ex.o    1'652
    stm32f3xx_hal_cortex.o      232
    stm32f3xx_hal_dma.o         472
    stm32f3xx_hal_gpio.o        500
    stm32f3xx_hal_msp.o          48
    stm32f3xx_hal_pcd.o         156
    stm32f3xx_hal_rcc.o       1'216
    stm32f3xx_hal_rcc_ex.o      508
    stm32f3xx_hal_tim.o       1'970
    stm32f3xx_hal_tim_ex.o      254
    stm32f3xx_hal_uart.o      1'576
    stm32f3xx_it.o               94
    stm32f3xx_ll_usb.o           46
    sys_gpio.o                  100                44
    sys_timerutil.o              40                 8
    sys_ultra.o                 136                 1
    system_stm32f3xx.o           44        9        4
    tim.o                       944               384
    usart.o                     700               644
    usb.o                        88               748
    -------------------------------------------------
    Total:                   12'422       13    1'925

dl7M_tlf.a: [2]
    abort.o                       6
    exit.o                        4
    low_level_init.o              4
    printf.o                     40
    putchar.o                    12
    xencoding_8859_1.o           30
    xfail_s.o                    64                 4
    xfiles.o                              26      152
    xlocale_c.o                 124       51      128
    xmbcurmax.o                  10
    xprintffull.o             4'294
    xprout.o                     22
    -------------------------------------------------
    Total:                    4'610       77      284

m7M_tls.a: [3]
    DblAdd.o                    362
    DblCmpGe.o                   46
    DblCmpLe.o                   46
    DblDiv.o                    582
    DblMul.o                    418
    DblSub.o                    226
    DblToS32.o                   58
    DblToU32.o                   40
    S32ToDbl.o                   34
    U32ToDbl.o                   26
    fpinit_M.o                   34
    frexp.o                     112
    ldexp.o                     314
    -------------------------------------------------
    Total:                    2'298

rt7M_tl.a: [4]
    ABImemcpy_small.o            24
    ABImemset.o                 102
    I64DivMod.o                 560
    I64DivZer.o                   2
    cexit.o                      10
    cmain.o                      30
    cstartup_M.o                 12
    data_init.o                  40
    lz77_init_single.o          120
    memchr.o                     88
    memset.o                     20
    strchr.o                     22
    strlen.o                     54
    zero_init3.o                 58
    -------------------------------------------------
    Total:                    1'142

shb_l.a: [5]
    exit.o                       20
    -------------------------------------------------
    Total:                       20

    Gaps                         29        2
    Linker created                        32    1'024
-----------------------------------------------------
    Grand Total:             20'521      124    3'233


*******************************************************************************
*** ENTRY LIST
***

Entry                       Address   Size  Type      Object
-----                       -------   ----  ----      ------
.iar.init_table$$Base    0x800'4ec8          --   Gb  - Linker created -
.iar.init_table$$Limit   0x800'4ee8          --   Gb  - Linker created -
?main                    0x800'4ee9         Code  Gb  cmain.o [4]
ADC_Disable              0x800'4b99   0x4a  Code  Lc  stm32f3xx_hal_adc_ex.o [1]
AHBPrescTable            0x800'4e6c   0x10  Data  Gb  system_stm32f3xx.o [1]
APBPrescTable            0x800'4f58    0x8  Data  Gb  system_stm32f3xx.o [1]
BusFault_Handler         0x800'4de7    0x2  Code  Gb  stm32f3xx_it.o [1]
CSTACK$$Base            0x2000'08a8          --   Gb  - Linker created -
CSTACK$$Limit           0x2000'0ca8          --   Gb  - Linker created -
CacheMore                0x800'1299   0x28  Code  Lc  xlocale_c.o [2]
Com1_RxInt_Enable        0x800'3a27    0x6  Code  Gb  usart.o [1]
DMA2_Channel3_IRQHandler
                         0x800'4e23    0x6  Code  Gb  stm32f3xx_it.o [1]
DMA_CalcBaseAndBitshift
                         0x800'4525   0x2e  Code  Lc  stm32f3xx_hal_dma.o [1]
DMA_SetConfig            0x800'4503   0x22  Code  Lc  stm32f3xx_hal_dma.o [1]
DebugMon_Handler         0x800'4ded    0x2  Code  Gb  stm32f3xx_it.o [1]
EXTI4_IRQHandler         0x800'4e39    0x6  Code  Gb  stm32f3xx_it.o [1]
Error_Handler            0x800'2bdd    0x2  Code  Gb  main.o [1]
HAL_ADCEx_MultiModeConfigChannel
                         0x800'4ad1   0xc2  Code  Gb  stm32f3xx_hal_adc_ex.o [1]
HAL_ADC_ConfigChannel    0x800'4791  0x256  Code  Gb  stm32f3xx_hal_adc_ex.o [1]
HAL_ADC_Init             0x800'459d  0x1b4  Code  Gb  stm32f3xx_hal_adc_ex.o [1]
HAL_ADC_MspInit          0x800'3827   0x56  Code  Gb  adc.o [1]
HAL_DMA_IRQHandler       0x800'4453   0xa6  Code  Gb  stm32f3xx_hal_dma.o [1]
HAL_DMA_Init             0x800'4391   0x4e  Code  Gb  stm32f3xx_hal_dma.o [1]
HAL_DMA_Start_IT         0x800'43df   0x74  Code  Gb  stm32f3xx_hal_dma.o [1]
HAL_GPIO_EXTI_Callback   0x800'4349   0x28  Code  Gb  sys_ultra.o [1]
HAL_GPIO_EXTI_IRQHandler
                         0x800'2f8f   0x10  Code  Gb  stm32f3xx_hal_gpio.o [1]
HAL_GPIO_Init            0x800'2dd5  0x1a0  Code  Gb  stm32f3xx_hal_gpio.o [1]
HAL_GPIO_TogglePin       0x800'2f7f   0x10  Code  Gb  stm32f3xx_hal_gpio.o [1]
HAL_GPIO_WritePin        0x800'2f75    0xa  Code  Gb  stm32f3xx_hal_gpio.o [1]
HAL_GetTick              0x800'4385    0xc  Code  Wk  stm32f3xx_hal.o [1]
HAL_IncTick              0x800'4e41   0x10  Code  Wk  stm32f3xx_hal.o [1]
HAL_Init                 0x800'3615   0x1a  Code  Gb  stm32f3xx_hal.o [1]
HAL_InitTick             0x800'3b99   0x40  Code  Wk  stm32f3xx_hal.o [1]
HAL_MspInit              0x800'456d   0x30  Code  Gb  stm32f3xx_hal_msp.o [1]
HAL_NVIC_DisableIRQ      0x800'2d71   0x1e  Code  Gb  stm32f3xx_hal_cortex.o [1]
HAL_NVIC_EnableIRQ       0x800'2d5b   0x16  Code  Gb  stm32f3xx_hal_cortex.o [1]
HAL_NVIC_SetPriority     0x800'2d21   0x3a  Code  Gb  stm32f3xx_hal_cortex.o [1]
HAL_NVIC_SetPriorityGrouping
                         0x800'2d07   0x1a  Code  Gb  stm32f3xx_hal_cortex.o [1]
HAL_PCD_Init             0x800'4c39   0x9c  Code  Gb  stm32f3xx_hal_pcd.o [1]
HAL_PCD_MspInit          0x800'3b6b   0x22  Code  Gb  usb.o [1]
HAL_RCCEx_PeriphCLKConfig
                         0x800'4099  0x1f0  Code  Gb  stm32f3xx_hal_rcc_ex.o [1]
HAL_RCC_ClockConfig      0x800'3efb   0xe2  Code  Gb  stm32f3xx_hal_rcc.o [1]
HAL_RCC_GetPCLK1Freq     0x800'4027   0x10  Code  Gb  stm32f3xx_hal_rcc.o [1]
HAL_RCC_GetPCLK2Freq     0x800'4037    0xe  Code  Gb  stm32f3xx_hal_rcc.o [1]
HAL_RCC_GetSysClockFreq
                         0x800'3ff9   0x2e  Code  Gb  stm32f3xx_hal_rcc.o [1]
HAL_RCC_OscConfig        0x800'3bd9  0x31a  Code  Gb  stm32f3xx_hal_rcc.o [1]
HAL_SYSTICK_Config       0x800'2d8f   0x28  Code  Gb  stm32f3xx_hal_cortex.o [1]
HAL_TIMEx_Break2Callback
                         0x800'2ad1    0x2  Code  Wk  stm32f3xx_hal_tim_ex.o [1]
HAL_TIMEx_BreakCallback
                         0x800'2acf    0x2  Code  Wk  stm32f3xx_hal_tim_ex.o [1]
HAL_TIMEx_CommutCallback
                         0x800'2ad5    0x2  Code  Wk  stm32f3xx_hal_tim_ex.o [1]
HAL_TIMEx_ConfigBreakDeadTime
                         0x800'2c5d   0x7e  Code  Gb  stm32f3xx_hal_tim_ex.o [1]
HAL_TIMEx_MasterConfigSynchronization
                         0x800'2bf5   0x68  Code  Gb  stm32f3xx_hal_tim_ex.o [1]
HAL_TIM_Base_Init        0x800'1f71   0x1a  Code  Gb  stm32f3xx_hal_tim.o [1]
HAL_TIM_Base_MspInit     0x800'2941   0xc4  Code  Gb  tim.o [1]
HAL_TIM_Base_Start_IT    0x800'1f8b   0x28  Code  Gb  stm32f3xx_hal_tim.o [1]
HAL_TIM_ConfigClockSource
                         0x800'2319   0x90  Code  Gb  stm32f3xx_hal_tim.o [1]
HAL_TIM_IRQHandler       0x800'200d  0x15c  Code  Gb  stm32f3xx_hal_tim.o [1]
HAL_TIM_MspPostInit      0x800'2a27   0x32  Code  Gb  tim.o [1]
HAL_TIM_OC_ConfigChannel
                         0x800'216f   0x60  Code  Gb  stm32f3xx_hal_tim.o [1]
HAL_TIM_OC_Init          0x800'1fb3   0x18  Code  Gb  stm32f3xx_hal_tim.o [1]
HAL_TIM_PWM_ConfigChannel
                         0x800'21cf  0x116  Code  Gb  stm32f3xx_hal_tim.o [1]
HAL_TIM_PWM_Init         0x800'1fdf   0x1a  Code  Gb  stm32f3xx_hal_tim.o [1]
HAL_TIM_PWM_MspInit      0x800'2a05   0x22  Code  Gb  tim.o [1]
HAL_TIM_PeriodElapsedCallback
                         0x800'2a79    0xe  Code  Gb  tim.o [1]
HAL_UART_Init            0x800'2ff1   0x30  Code  Gb  stm32f3xx_hal_uart.o [1]
HAL_UART_MspInit         0x800'38f3  0x112  Code  Gb  usart.o [1]
HAL_UART_Receive_DMA     0x800'3125   0x96  Code  Gb  stm32f3xx_hal_uart.o [1]
HAL_UART_RxCpltCallback
                         0x800'3ab3    0xe  Code  Gb  usart.o [1]
HAL_UART_Transmit        0x800'3071   0xb4  Code  Gb  stm32f3xx_hal_uart.o [1]
HardFault_Handler        0x800'4de3    0x2  Code  Gb  stm32f3xx_it.o [1]
MX_ADC1_Init             0x800'37a1   0x86  Code  Gb  adc.o [1]
MX_DMA_Init              0x800'3771   0x30  Code  Gb  dma.o [1]
MX_GPIO_Init             0x800'3635  0x108  Code  Gb  gpio.o [1]
MX_TIM15_Init            0x800'282f   0x46  Code  Gb  tim.o [1]
MX_TIM16_Init            0x800'2891   0x1c  Code  Gb  tim.o [1]
MX_TIM17_Init            0x800'28ad   0x1a  Code  Gb  tim.o [1]
MX_TIM1_Init             0x800'2719   0x3c  Code  Gb  tim.o [1]
MX_TIM3_Init             0x800'275f   0x78  Code  Gb  tim.o [1]
MX_TIM6_Init             0x800'27e9   0x28  Code  Gb  tim.o [1]
MX_UART4_Init            0x800'3885   0x16  Code  Gb  usart.o [1]
MX_USART1_UART_Init      0x800'389b   0x10  Code  Gb  usart.o [1]
MX_USART2_UART_Init      0x800'38b3   0x10  Code  Gb  usart.o [1]
MX_USART3_UART_Init      0x800'38e3   0x10  Code  Gb  usart.o [1]
MX_USB_PCD_Init          0x800'3b41   0x2a  Code  Gb  usb.o [1]
MemManage_Handler        0x800'4de5    0x2  Code  Gb  stm32f3xx_it.o [1]
NMI_Handler              0x800'4de1    0x2  Code  Gb  stm32f3xx_it.o [1]
PendSV_Handler           0x800'4def    0x2  Code  Gb  stm32f3xx_it.o [1]
Region$$Table$$Base      0x800'4ec8          --   Gb  - Linker created -
Region$$Table$$Limit     0x800'4ee8          --   Gb  - Linker created -
SVC_Handler              0x800'4deb    0x2  Code  Gb  stm32f3xx_it.o [1]
SysTick_Handler          0x800'4df1    0xe  Code  Gb  stm32f3xx_it.o [1]
SystemClock_Config       0x800'2b45   0x8c  Code  Gb  main.o [1]
SystemCoreClock         0x2000'000c    0x4  Data  Gb  system_stm32f3xx.o [1]
SystemInit               0x800'4e51   0x14  Code  Gb  system_stm32f3xx.o [1]
TIM1_BRK_TIM15_IRQHandler
                         0x800'4e11   0x12  Code  Gb  stm32f3xx_it.o [1]
TIM1_TRG_COM_TIM17_IRQHandler
                         0x800'4dff   0x12  Code  Gb  stm32f3xx_it.o [1]
TIM_Base_SetConfig       0x800'23d3   0x86  Code  Gb  stm32f3xx_hal_tim.o [1]
TIM_ETR_SetConfig        0x800'26ff   0x14  Code  Gb  stm32f3xx_hal_tim.o [1]
TIM_ITRx_SetConfig       0x800'26ef   0x10  Code  Lc  stm32f3xx_hal_tim.o [1]
TIM_OC1_SetConfig        0x800'2459   0x6e  Code  Lc  stm32f3xx_hal_tim.o [1]
TIM_OC2_SetConfig        0x800'24c7   0x64  Code  Gb  stm32f3xx_hal_tim.o [1]
TIM_OC3_SetConfig        0x800'252b   0x62  Code  Lc  stm32f3xx_hal_tim.o [1]
TIM_OC4_SetConfig        0x800'258d   0x4a  Code  Lc  stm32f3xx_hal_tim.o [1]
TIM_OC5_SetConfig        0x800'25d7   0x50  Code  Lc  stm32f3xx_hal_tim.o [1]
TIM_OC6_SetConfig        0x800'2627   0x4a  Code  Lc  stm32f3xx_hal_tim.o [1]
TIM_TI1_ConfigInputStage
                         0x800'26ad   0x1e  Code  Lc  stm32f3xx_hal_tim.o [1]
TIM_TI2_ConfigInputStage
                         0x800'26cb   0x24  Code  Lc  stm32f3xx_hal_tim.o [1]
U4_Rxbuff               0x2000'0888    0xc  Data  Gb  usart.o [1]
UART_AdvFeatureConfig    0x800'33a9   0xc6  Code  Gb  stm32f3xx_hal_uart.o [1]
UART_CheckIdleState      0x800'346f   0x5a  Code  Gb  stm32f3xx_hal_uart.o [1]
UART_DMAError            0x800'35c5   0x4e  Code  Lc  stm32f3xx_hal_uart.o [1]
UART_DMAReceiveCplt      0x800'3585   0x36  Code  Lc  stm32f3xx_hal_uart.o [1]
UART_DMARxHalfCplt       0x800'35bd    0x6  Code  Lc  stm32f3xx_hal_uart.o [1]
UART_EndRxTransfer       0x800'3567   0x1e  Code  Lc  stm32f3xx_hal_uart.o [1]
UART_EndTxTransfer       0x800'3557   0x10  Code  Lc  stm32f3xx_hal_uart.o [1]
UART_SetConfig           0x800'31bd  0x1c6  Code  Gb  stm32f3xx_hal_uart.o [1]
UART_WaitOnFlagUntilTimeout
                         0x800'34c9   0x78  Code  Gb  stm32f3xx_hal_uart.o [1]
USB_DevInit              0x800'4ce1   0x10  Code  Gb  stm32f3xx_ll_usb.o [1]
USB_DisableGlobalInt     0x800'4cd5    0xc  Code  Gb  stm32f3xx_ll_usb.o [1]
UsageFault_Handler       0x800'4de9    0x2  Code  Gb  stm32f3xx_it.o [1]
_Encoding_8859_1_Mbrlen
                         0x800'1339    0x2  Code  Gb  xencoding_8859_1.o [2]
_Encoding_8859_1_Wctomb
                         0x800'1327   0x12  Code  Gb  xencoding_8859_1.o [2]
_LitobFull               0x800'10a7  0x10a  Code  Lc  xprintffull.o [2]
_Locale_lconv           0x2000'0010   0x38  Data  Lc  xlocale_c.o [2]
_PrintfFull              0x800'0195  0xcc4  Code  Gb  xprintffull.o [2]
_Prout                   0x800'4f1b   0x16  Code  Gb  xprout.o [2]
_PutcharsFull            0x800'1219   0x2e  Code  Lc  xprintffull.o [2]
_PutstrFull              0x800'0fe7   0xc0  Code  Lc  xprintffull.o [2]
_PuttxtFull              0x800'0edb  0x10c  Code  Lc  xprintffull.o [2]
__NVIC_SetPriority       0x800'2ced   0x1a  Code  Lc  stm32f3xx_hal_cortex.o [1]
__aeabi_cdcmple          0x800'149d         Code  Gb  DblCmpLe.o [3]
__aeabi_cdrcmple         0x800'14cd         Code  Gb  DblCmpGe.o [3]
__aeabi_d2iz             0x800'1639         Code  Gb  DblToS32.o [3]
__aeabi_d2uiz            0x800'19c5         Code  Gb  DblToU32.o [3]
__aeabi_ddiv             0x800'177d         Code  Gb  DblDiv.o [3]
__aeabi_dmul             0x800'1a09         Code  Gb  DblMul.o [3]
__aeabi_dsub             0x800'1699         Code  Gb  DblSub.o [3]
__aeabi_i2d              0x800'1675         Code  Gb  S32ToDbl.o [3]
__aeabi_ldiv0            0x800'1f59         Code  Gb  I64DivZer.o [4]
__aeabi_memset           0x800'4295         Code  Gb  ABImemset.o [4]
__aeabi_ui2d             0x800'19ed         Code  Gb  U32ToDbl.o [3]
__aeabi_uldivmod         0x800'1bb5         Code  Gb  I64DivMod.o [4]
__cmain                  0x800'4ee9         Code  Gb  cmain.o [4]
__exit                   0x800'1f5d   0x14  Code  Gb  exit.o [5]
__iar_Fail_s             0x800'1345   0x1c  Code  Gb  xfail_s.o [2]
__iar_Mbcurmax           0x800'1bab    0xa  Code  Gb  xmbcurmax.o [2]
__iar_Memchr             0x800'13bd         Code  Gb  memchr.o [4]
__iar_Memset             0x800'4295         Code  Gb  ABImemset.o [4]
__iar_Memset_word        0x800'429d         Code  Gb  ABImemset.o [4]
__iar_Stdout            0x2000'0090   0x48  Data  Gb  xfiles.o [2]
__iar_Strchr             0x800'1311         Code  Gb  strchr.o [4]
__iar_dadd               0x800'16a9         Code  Gb  DblSub.o [3]
__iar_data_init3         0x800'4e7d   0x28  Code  Gb  data_init.o [4]
__iar_dsub               0x800'1ded         Code  Gb  DblAdd.o [3]
__iar_dsubStart          0x800'1dff         Code  Gb  DblAdd.o [3]
__iar_frexp              0x800'1439         Code  Gb  frexp.o [3]
__iar_frexpl             0x800'1439         Code  Gb  frexp.o [3]
__iar_globLocale        0x2000'0048   0x48  Data  Lc  xlocale_c.o [2]
__iar_global_Locale      0x800'1295    0x4  Code  Gb  xlocale_c.o [2]
__iar_init_vfp           0x800'4ea5         Code  Gb  fpinit_M.o [3]
__iar_ldexp64            0x800'14fd         Code  Gb  ldexp.o [3]
__iar_lz77_init_single3
                         0x800'4d03   0x78  Code  Gb  lz77_init_single.o [4]
__iar_program_start      0x800'4f4d         Code  Gb  cstartup_M.o [4]
__iar_scalbln64          0x800'14fd         Code  Gb  ldexp.o [3]
__iar_scalbn64           0x800'14fd         Code  Gb  ldexp.o [3]
__iar_small_Memcpy       0x800'1419         Code  Gb  ABImemcpy_small.o [4]
__iar_small_memcpy       0x800'1415         Code  Gb  ABImemcpy_small.o [4]
__iar_small_memcpy4      0x800'1415         Code  Gb  ABImemcpy_small.o [4]
__iar_small_memcpy8      0x800'1415         Code  Gb  ABImemcpy_small.o [4]
__iar_softfp___iar_frexp64
                         0x800'142d         Code  Gb  frexp.o [3]
__iar_softfp_frexp       0x800'142d         Code  Gb  frexp.o [3]
__iar_softfp_frexpl      0x800'142d         Code  Gb  frexp.o [3]
__iar_zero_init3         0x800'125b   0x3a  Code  Gb  zero_init3.o [4]
__low_level_init         0x800'4f07    0x4  Code  Gb  low_level_init.o [2]
__vector_table           0x800'0000         Data  Gb  startup_stm32f302xe.o [1]
_call_main               0x800'4ef5         Code  Gb  cmain.o [4]
_exit                    0x800'4f11         Code  Gb  cexit.o [4]
_gLocale_mblen           0x800'12fd    0x4  Code  Gb  xlocale_c.o [2]
_gLocale_mblenInt        0x800'12c1   0x2c  Code  Gb  xlocale_c.o [2]
_gLocale_wctomb          0x800'1301    0x4  Code  Gb  xlocale_c.o [2]
_gLocale_wctombInt       0x800'12f9    0x4  Code  Gb  xlocale_c.o [2]
_main                    0x800'4f03         Code  Gb  cmain.o [4]
aPLLMULFactorTable       0x800'4078   0x10  Data  Gb  stm32f3xx_hal_rcc.o [1]
aPredivFactorTable       0x800'4088   0x10  Data  Gb  stm32f3xx_hal_rcc.o [1]
abort                    0x800'1de5    0x6  Code  Gb  abort.o [2]
debug_program            0x800'3a31   0x66  Code  Gb  usart.o [1]
exit                     0x800'4f0b    0x4  Code  Gb  exit.o [2]
fputc                    0x800'2ad9   0x18  Code  Gb  main.o [1]
hadc1                   0x2000'05c4   0x50  Data  Gb  adc.o [1]
hdma_uart4_rx           0x2000'0664   0x44  Data  Gb  usart.o [1]
hpcd_USB_FS             0x2000'00d8  0x2ec  Data  Gb  usb.o [1]
htim1                   0x2000'06a8   0x40  Data  Gb  tim.o [1]
htim15                  0x2000'0768   0x40  Data  Gb  tim.o [1]
htim16                  0x2000'07a8   0x40  Data  Gb  tim.o [1]
htim17                  0x2000'07e8   0x40  Data  Gb  tim.o [1]
htim3                   0x2000'06e8   0x40  Data  Gb  tim.o [1]
htim6                   0x2000'0728   0x40  Data  Gb  tim.o [1]
huart1                  0x2000'0444   0x80  Data  Gb  usart.o [1]
huart2                  0x2000'04c4   0x80  Data  Gb  usart.o [1]
huart3                  0x2000'0544   0x80  Data  Gb  usart.o [1]
huart4                  0x2000'03c4   0x80  Data  Gb  usart.o [1]
ldexp                    0x800'14fd         Code  Gb  ldexp.o [3]
ldexpl                   0x800'14fd         Code  Gb  ldexp.o [3]
localeconv               0x800'1305    0x4  Code  Gb  xlocale_c.o [2]
main                     0x800'2af1   0x54  Code  Gb  main.o [1]
memchr                   0x800'13bd         Code  Gb  memchr.o [4]
memset                   0x800'2bdf   0x14  Code  Gb  memset.o [4]
obuf                    0x2000'0614   0x50  Data  Lc  xfiles.o [2]
printf                   0x800'4c11   0x28  Code  Gb  printf.o [2]
putchar                  0x800'4f31    0xc  Code  Gb  putchar.o [2]
rx4_Rx_key               0x800'3a97   0x16  Code  Gb  usart.o [1]
rx4_buff                0x2000'0828   0x34  Data  Gb  usart.o [1]
scalbln                  0x800'14fd         Code  Gb  ldexp.o [3]
scalblnl                 0x800'14fd         Code  Gb  ldexp.o [3]
scalbn                   0x800'14fd         Code  Gb  ldexp.o [3]
scalbnl                  0x800'14fd         Code  Gb  ldexp.o [3]
scale                    0x800'11b1   0x46  Code  Lc  xprintffull.o [2]
sec_hand                0x2000'089c    0x4  Data  Lc  xfail_s.o [2]
strchr                   0x800'1311         Code  Gb  strchr.o [4]
strlen                   0x800'1385         Code  Gb  strlen.o [4]
sys_10usec_get           0x800'2fd5    0xa  Code  Gb  sys_timerutil.o [1]
sys_10usec_set           0x800'2fc9    0xc  Code  Gb  sys_timerutil.o [1]
sys_10usec_timer         0x800'2fdf    0xe  Code  Gb  sys_timerutil.o [1]
timer_Loop               0x800'4d7d   0x36  Code  Gb  sys_gpio.o [1]
timer_int                0x800'4db3   0x24  Code  Gb  sys_gpio.o [1]
timercnt                0x2000'0884    0x4  Data  Gb  sys_gpio.o [1]
timergroup              0x2000'085c   0x28  Data  Gb  sys_gpio.o [1]
ultra_tx                 0x800'42fd   0x42  Code  Gb  sys_ultra.o [1]
ultra_tx0_flag          0x2000'08a0    0x1  Data  Gb  sys_ultra.o [1]
usectimer               0x2000'0898    0x4  Data  Gb  sys_timerutil.o [1]
usectimer_flag          0x2000'0894    0x1  Data  Gb  sys_timerutil.o [1]
uwTick                  0x2000'0004    0x4  Data  Gb  stm32f3xx_hal.o [1]
uwTickFreq              0x2000'0000    0x1  Data  Gb  stm32f3xx_hal.o [1]
uwTickPrio              0x2000'0008    0x4  Data  Gb  stm32f3xx_hal.o [1]


[1] = D:\fwprog\stm32f302ve\EWARM\cubemx\Obj
[2] = dl7M_tlf.a
[3] = m7M_tls.a
[4] = rt7M_tl.a
[5] = shb_l.a

  20'521 bytes of readonly  code memory
     124 bytes of readonly  data memory
   3'233 bytes of readwrite data memory

Errors: none
Warnings: none
